<html>
<body>
<pre>
<h1>µVision Build Log</h1>
<h2>Project:</h2>
C:\Users\dcrus\Desktop\Embedded Systems\Lab\ES-Lab-Codes\4_20180124\Blink\Blink.uvproj
Project File Date:  01/31/2018

<h2>Output:</h2>
Build target 'Target 1'
compiling Blink.c...
linking...
Program Size: Code=1184 RO-data=16 RW-data=0 ZI-data=1120  
".\Blink.axf" - 0 Error(s), 0 Warning(s).
Load "C:\\Users\\dcrus\\Desktop\\Embedded Systems\\Lab\\ES-Lab-Codes\\4_20180124\\Blink\\Blink.axf" 
Connecting: Mode=JTAG, Speed=1000000Hz
Erase Done.
Programming Done.
Verify OK.
ramming Failed!
Error: Flash Download failed  -  "Cortex-M4"
Load "C:\\Users\\dcrus\\Desktop\\Embedded Systems\\Lab\\ES-Lab-Codes\\4_20180124\\Blink\\Blink.axf" 
Connecting: Mode=JTAG, Speed=1000000Hz
Connection failed!, error code=&d
Error: Flash Download failed  -  Target DLL has been cancelled
